[  834650ms] [VERBOSE] [DOM] Password field is not contained in a form: (More info: https://goo.gl/9p2vKq) %o @ https://accounts.google.com/v3/signin/identifier?continue=https%3A%2F%2Fwww.google.com%2F&dsh=S-903958300%3A1782221731107249&ec=futura_exp_og_so_72776762_e&hl=ko&passive=true&flowName=GlifWebSignIn&flowEntry=ServiceLogin&ifkv=AcDsRvyPU5pwiq48i6P82X9Bf2Oy6NtBTTqNDUuoNra_qrANx4uFCX0zidpwP1aMnqXqC3ur65Jw:0
[  834654ms] [LOG] %c%s color: red; background: yellow; font-size: 24px; 경고! @ https://www.gstatic.com/_/mss/boq-identity/_/js/k=boq-identity.AccountsSignInUi.ko.UkDamWLVAgY.es5.O/am=EQ0AAAAwULyQAcD-_38AAAIIsh3wPQugCRAyAAAAAAAAAABgCQAAGgE/d=1/excm=_b,_tp,identifierview/ed=1/dg=0/wt=2/ujg=1/rs=AOaEmlGIXjNI5C4-uxsbkI5BEcMtcu4-yg/dti=1/m=_b,_tp:552
[  834654ms] [LOG] %c%s font-size: 18px; 이 콘솔을 사용하면 공격자가 Self-XSS라는 공격을 통해 내 신원을 도용하여 내 정보를 빼낼 수 있습니다.
알지 못하는 코드를 입력하거나 붙여넣지 마세요. @ https://www.gstatic.com/_/mss/boq-identity/_/js/k=boq-identity.AccountsSignInUi.ko.UkDamWLVAgY.es5.O/am=EQ0AAAAwULyQAcD-_38AAAIIsh3wPQugCRAyAAAAAAAAAABgCQAAGgE/d=1/excm=_b,_tp,identifierview/ed=1/dg=0/wt=2/ujg=1/rs=AOaEmlGIXjNI5C4-uxsbkI5BEcMtcu4-yg/dti=1/m=_b,_tp:552
[  837699ms] [LOG] %c%s color: red; background: yellow; font-size: 24px; 경고! @ https://www.gstatic.com/_/mss/boq-account-creation-evolution/_/js/k=boq-account-creation-evolution.AccountLifecyclePlatformSignupUi.ko.5uOJPsirzg0.es5.O/am=IAMAAAAAI8AAAED-_3cEBNkO-Z6DQAkwDAAAAAAAAADADACAMQ/d=1/excm=_b,_tp,nameview/ed=1/dg=0/wt=2/ujg=1/rs=ADR-IuooSL_p_DQYsmP2DiZK7ki6wKQF9w/dti=1/m=_b,_tp:549
[  837699ms] [LOG] %c%s font-size: 18px; 이 콘솔을 사용하면 공격자가 Self-XSS라는 공격을 통해 내 신원을 도용하여 내 정보를 빼낼 수 있습니다.
알지 못하는 코드를 입력하거나 붙여넣지 마세요. @ https://www.gstatic.com/_/mss/boq-account-creation-evolution/_/js/k=boq-account-creation-evolution.AccountLifecyclePlatformSignupUi.ko.5uOJPsirzg0.es5.O/am=IAMAAAAAI8AAAED-_3cEBNkO-Z6DQAkwDAAAAAAAAADADACAMQ/d=1/excm=_b,_tp,nameview/ed=1/dg=0/wt=2/ujg=1/rs=ADR-IuooSL_p_DQYsmP2DiZK7ki6wKQF9w/dti=1/m=_b,_tp:549
[  851150ms] [VERBOSE] [DOM] Password field is not contained in a form: (More info: https://goo.gl/9p2vKq) %o @ https://accounts.google.com/v3/signin/identifier?continue=https%3A%2F%2Fwww.google.com%2F&dsh=S-903958300%3A1782221731107249&ec=futura_exp_og_so_72776762_e&hl=ko&passive=true&flowName=GlifWebSignIn&flowEntry=ServiceLogin&ifkv=AcDsRvyPU5pwiq48i6P82X9Bf2Oy6NtBTTqNDUuoNra_qrANx4uFCX0zidpwP1aMnqXqC3ur65Jw:0
[  851154ms] [LOG] %c%s color: red; background: yellow; font-size: 24px; 경고! @ https://www.gstatic.com/_/mss/boq-identity/_/js/k=boq-identity.AccountsSignInUi.ko.UkDamWLVAgY.es5.O/am=EQ0AAAAwULyQAcD-_38AAAIIsh3wPQugCRAyAAAAAAAAAABgCQAAGgE/d=1/excm=_b,_tp,identifierview/ed=1/dg=0/wt=2/ujg=1/rs=AOaEmlGIXjNI5C4-uxsbkI5BEcMtcu4-yg/dti=1/m=_b,_tp:552
[  851154ms] [LOG] %c%s font-size: 18px; 이 콘솔을 사용하면 공격자가 Self-XSS라는 공격을 통해 내 신원을 도용하여 내 정보를 빼낼 수 있습니다.
알지 못하는 코드를 입력하거나 붙여넣지 마세요. @ https://www.gstatic.com/_/mss/boq-identity/_/js/k=boq-identity.AccountsSignInUi.ko.UkDamWLVAgY.es5.O/am=EQ0AAAAwULyQAcD-_38AAAIIsh3wPQugCRAyAAAAAAAAAABgCQAAGgE/d=1/excm=_b,_tp,identifierview/ed=1/dg=0/wt=2/ujg=1/rs=AOaEmlGIXjNI5C4-uxsbkI5BEcMtcu4-yg/dti=1/m=_b,_tp:552
[  854381ms] [LOG] %c%s color: red; background: yellow; font-size: 24px; 경고! @ https://www.gstatic.com/_/mss/boq-dasher/_/js/k=boq-dasher.DasherGrowthSignupUi.ko.aM4Ji-kfkGg.2018.O/am=AAAAAAAAAAAAAAAAgAEgwFFgQkA/d=1/excm=_b,_tp,coreflowview/ed=1/dg=0/wt=2/ujg=1/rs=AOjztaGcgtw_xqieoBgIPMfv8UzERdAXmg/dti=1/m=_b,_tp:369
[  854381ms] [LOG] %c%s font-size: 18px; 이 콘솔을 사용하면 공격자가 Self-XSS라는 공격을 통해 내 신원을 도용하여 개인 정보를 빼낼 수 있습니다.
알지 못하는 코드를 입력하거나 붙여넣지 마세요. @ https://www.gstatic.com/_/mss/boq-dasher/_/js/k=boq-dasher.DasherGrowthSignupUi.ko.aM4Ji-kfkGg.2018.O/am=AAAAAAAAAAAAAAAAgAEgwFFgQkA/d=1/excm=_b,_tp,coreflowview/ed=1/dg=0/wt=2/ujg=1/rs=AOjztaGcgtw_xqieoBgIPMfv8UzERdAXmg/dti=1/m=_b,_tp:369
[  860377ms] [LOG] %c%s color: red; background: yellow; font-size: 24px; 경고! @ https://www.gstatic.com/_/mss/boq-account-creation-evolution/_/js/k=boq-account-creation-evolution.AccountLifecyclePlatformSignupUi.ko.5uOJPsirzg0.es5.O/am=IAMAAAAAI8AAAED-_3cEBNkO-Z6DQAkwDAAAAAAAAADADACAMQ/d=1/excm=_b,_tp,nameview/ed=1/dg=0/wt=2/ujg=1/rs=ADR-IuooSL_p_DQYsmP2DiZK7ki6wKQF9w/dti=1/m=_b,_tp:549
[  860378ms] [LOG] %c%s font-size: 18px; 이 콘솔을 사용하면 공격자가 Self-XSS라는 공격을 통해 내 신원을 도용하여 내 정보를 빼낼 수 있습니다.
알지 못하는 코드를 입력하거나 붙여넣지 마세요. @ https://www.gstatic.com/_/mss/boq-account-creation-evolution/_/js/k=boq-account-creation-evolution.AccountLifecyclePlatformSignupUi.ko.5uOJPsirzg0.es5.O/am=IAMAAAAAI8AAAED-_3cEBNkO-Z6DQAkwDAAAAAAAAADADACAMQ/d=1/excm=_b,_tp,nameview/ed=1/dg=0/wt=2/ujg=1/rs=ADR-IuooSL_p_DQYsmP2DiZK7ki6wKQF9w/dti=1/m=_b,_tp:549
[  901109ms] [VERBOSE] [DOM] Password field is not contained in a form: (More info: https://goo.gl/9p2vKq) %o @ https://accounts.google.com/lifecycle/steps/signup/password?TL=ADCchmbvjPc4Rfe1uZRIrO4OlJRLJF16-hgaaDB4ukia6VFnbGUBHQ64D1yqBQjH&continue=https%3A%2F%2Fwww.google.com%2F&dsh=S-903958300%3A1782221731107249&ec=futura_exp_og_so_72776762_e&flowEntry=SignUp&flowName=GlifWebSignIn&hl=ko&ifkv=AcDsRvyPU5pwiq48i6P82X9Bf2Oy6NtBTTqNDUuoNra_qrANx4uFCX0zidpwP1aMnqXqC3ur65Jw:0
[  901109ms] [VERBOSE] [DOM] Password field is not contained in a form: (More info: https://goo.gl/9p2vKq) %o @ https://accounts.google.com/lifecycle/steps/signup/password?TL=ADCchmbvjPc4Rfe1uZRIrO4OlJRLJF16-hgaaDB4ukia6VFnbGUBHQ64D1yqBQjH&continue=https%3A%2F%2Fwww.google.com%2F&dsh=S-903958300%3A1782221731107249&ec=futura_exp_og_so_72776762_e&flowEntry=SignUp&flowName=GlifWebSignIn&hl=ko&ifkv=AcDsRvyPU5pwiq48i6P82X9Bf2Oy6NtBTTqNDUuoNra_qrANx4uFCX0zidpwP1aMnqXqC3ur65Jw:0
[  942843ms] [LOG] %c%s color: red; background: yellow; font-size: 24px; 경고! @ https://www.gstatic.com/_/mss/boq-identity/_/js/k=boq-identity.AccountsSignInUi.ko.UkDamWLVAgY.es5.O/am=EQ0AAAAwULyQAcD-_38AAAIIsh3wPQugCRAyAAAAAAAAAABgCQAAGgE/d=1/excm=_b,_tp,existingaccountsview/ed=1/dg=0/wt=2/ujg=1/rs=AOaEmlGIXjNI5C4-uxsbkI5BEcMtcu4-yg/dti=1/m=_b,_tp:552
[  942843ms] [LOG] %c%s font-size: 18px; 이 콘솔을 사용하면 공격자가 Self-XSS라는 공격을 통해 내 신원을 도용하여 내 정보를 빼낼 수 있습니다.
알지 못하는 코드를 입력하거나 붙여넣지 마세요. @ https://www.gstatic.com/_/mss/boq-identity/_/js/k=boq-identity.AccountsSignInUi.ko.UkDamWLVAgY.es5.O/am=EQ0AAAAwULyQAcD-_38AAAIIsh3wPQugCRAyAAAAAAAAAABgCQAAGgE/d=1/excm=_b,_tp,existingaccountsview/ed=1/dg=0/wt=2/ujg=1/rs=AOaEmlGIXjNI5C4-uxsbkI5BEcMtcu4-yg/dti=1/m=_b,_tp:552
[  953576ms] [LOG] %c%s color: red; background: yellow; font-size: 24px; 경고! @ https://www.gstatic.com/_/mss/boq-account-creation-evolution/_/js/k=boq-account-creation-evolution.AccountLifecyclePlatformSignupUi.ko.5uOJPsirzg0.es5.O/am=IAMAAAAAI8AAAED-_3cEBNkO-Z6DQAkwDAAAAAAAAADADACAMQ/d=1/excm=_b,_tp,webphoneusageview/ed=1/dg=0/wt=2/ujg=1/rs=ADR-IuooSL_p_DQYsmP2DiZK7ki6wKQF9w/dti=1/m=_b,_tp:549
[  953576ms] [LOG] %c%s font-size: 18px; 이 콘솔을 사용하면 공격자가 Self-XSS라는 공격을 통해 내 신원을 도용하여 내 정보를 빼낼 수 있습니다.
알지 못하는 코드를 입력하거나 붙여넣지 마세요. @ https://www.gstatic.com/_/mss/boq-account-creation-evolution/_/js/k=boq-account-creation-evolution.AccountLifecyclePlatformSignupUi.ko.5uOJPsirzg0.es5.O/am=IAMAAAAAI8AAAED-_3cEBNkO-Z6DQAkwDAAAAAAAAADADACAMQ/d=1/excm=_b,_tp,webphoneusageview/ed=1/dg=0/wt=2/ujg=1/rs=ADR-IuooSL_p_DQYsmP2DiZK7ki6wKQF9w/dti=1/m=_b,_tp:549
[  968118ms] [LOG] %c%s color: red; background: yellow; font-size: 24px; 경고! @ https://www.gstatic.com/_/mss/boq-geo/_/js/k=boq-geo.GeoMerchantFrontendSignupUi.ko.ikVtc13P38M.2018.O/am=AAEAIDAAAAAAAkB24EAIJgp5IRQQ/d=1/excm=_b,_tp,supersimsignupview/ed=1/dg=0/wt=2/ujg=1/rs=AD4das1-OUpox0Dh1iTEXy03xPKp_93hRQ/dti=1/m=_b,_tp:417
[  968118ms] [LOG] %c%s font-size: 18px; 이 콘솔을 사용하면 공격자가 Self-XSS라는 공격을 통해 내 신원을 도용하여 개인 정보를 빼낼 수 있습니다.
알지 못하는 코드를 입력하거나 붙여넣지 마세요. @ https://www.gstatic.com/_/mss/boq-geo/_/js/k=boq-geo.GeoMerchantFrontendSignupUi.ko.ikVtc13P38M.2018.O/am=AAEAIDAAAAAAAkB24EAIJgp5IRQQ/d=1/excm=_b,_tp,supersimsignupview/ed=1/dg=0/wt=2/ujg=1/rs=AD4das1-OUpox0Dh1iTEXy03xPKp_93hRQ/dti=1/m=_b,_tp:417
[ 1024566ms] [LOG] %c%s color: red; background: yellow; font-size: 24px; 경고! @ https://www.gstatic.com/_/mss/boq-identity/_/js/k=boq-identity.AccountSettingsUi.ko.PWtNEaNObAk.2019.O/am=AAAAAAAAAIkDxASAK6Aw85WkgxwAAAgAMAYAnHUSApgIFEAAAAgAIA/d=1/excm=_b,_tp,googleaccounthomeview/ed=1/dg=0/wt=2/ujg=1/rs=AOaEmlFz4tJCDHBM3LI1lYEsKCt_iB29Tg/dti=1/m=_b,_tp:405
[ 1024566ms] [LOG] %c%s font-size: 18px; 이 콘솔을 사용하면 공격자가 Self-XSS라는 공격을 통해 내 신원을 도용하여 내 정보를 빼낼 수 있습니다.
알지 못하는 코드를 입력하거나 붙여넣지 마세요. @ https://www.gstatic.com/_/mss/boq-identity/_/js/k=boq-identity.AccountSettingsUi.ko.PWtNEaNObAk.2019.O/am=AAAAAAAAAIkDxASAK6Aw85WkgxwAAAgAMAYAnHUSApgIFEAAAAgAIA/d=1/excm=_b,_tp,googleaccounthomeview/ed=1/dg=0/wt=2/ujg=1/rs=AOaEmlFz4tJCDHBM3LI1lYEsKCt_iB29Tg/dti=1/m=_b,_tp:405
[ 1031724ms] [LOG] %c%s color: red; background: yellow; font-size: 24px; 경고! @ https://www.gstatic.com/_/mss/boq-identity/_/js/k=boq-identity.AccountSettingsUi.ko.PWtNEaNObAk.2019.O/am=AAAAAAAAAIkDxASAK6Aw85WkgxwAAAgAMAYAnHUSApgIFEAAAAgAIA/d=1/excm=_b,_tp,profilenameeditview/ed=1/dg=0/wt=2/ujg=1/rs=AOaEmlFz4tJCDHBM3LI1lYEsKCt_iB29Tg/dti=1/m=_b,_tp:405
[ 1031724ms] [LOG] %c%s font-size: 18px; 이 콘솔을 사용하면 공격자가 Self-XSS라는 공격을 통해 내 신원을 도용하여 내 정보를 빼낼 수 있습니다.
알지 못하는 코드를 입력하거나 붙여넣지 마세요. @ https://www.gstatic.com/_/mss/boq-identity/_/js/k=boq-identity.AccountSettingsUi.ko.PWtNEaNObAk.2019.O/am=AAAAAAAAAIkDxASAK6Aw85WkgxwAAAgAMAYAnHUSApgIFEAAAAgAIA/d=1/excm=_b,_tp,profilenameeditview/ed=1/dg=0/wt=2/ujg=1/rs=AOaEmlFz4tJCDHBM3LI1lYEsKCt_iB29Tg/dti=1/m=_b,_tp:405
[ 1032182ms] [ERROR] Framing 'https://accounts.google.com/' violates the following report-only Content Security Policy directive: "frame-ancestors 'self'". The violation has been logged, but no further action has been taken.
 @ :0
[ 1043892ms] [LOG] %c%s color: red; background: yellow; font-size: 24px; 경고! @ https://www.gstatic.com/_/mss/boq-identity/_/js/k=boq-identity.AccountSettingsUi.ko.PWtNEaNObAk.2019.O/am=AAAAAAAAAIkDxASAK6Aw85WkgxwAAAgAMAYAnHUSApgIFEAAAAgAIA/d=1/excm=_b,_tp,profilenameview/ed=1/dg=0/wt=2/ujg=1/rs=AOaEmlFz4tJCDHBM3LI1lYEsKCt_iB29Tg/dti=1/m=_b,_tp:405
[ 1043892ms] [LOG] %c%s font-size: 18px; 이 콘솔을 사용하면 공격자가 Self-XSS라는 공격을 통해 내 신원을 도용하여 내 정보를 빼낼 수 있습니다.
알지 못하는 코드를 입력하거나 붙여넣지 마세요. @ https://www.gstatic.com/_/mss/boq-identity/_/js/k=boq-identity.AccountSettingsUi.ko.PWtNEaNObAk.2019.O/am=AAAAAAAAAIkDxASAK6Aw85WkgxwAAAgAMAYAnHUSApgIFEAAAAgAIA/d=1/excm=_b,_tp,profilenameview/ed=1/dg=0/wt=2/ujg=1/rs=AOaEmlFz4tJCDHBM3LI1lYEsKCt_iB29Tg/dti=1/m=_b,_tp:405
